// Jest Snapshot v1, https://goo.gl/fbAQLP

exports[`FieldCompabilityLayer -> Metal+Soy renders the Metal field 1`] = `
<div>
  <div
    class="ddm-field"
    style=""
  >
    <div>
      <div>
        <button
          class="btn btn-danger"
          type="button"
        >
          Remove
        </button>
        <button
          class="btn btn-primary"
          type="button"
        >
          Duplicate
        </button>
        <input
          class="form-control"
          value="Foo"
        />
      </div>
    </div>
  </div>
</div>
`;
